// Jest Snapshot v1, https://goo.gl/fbAQLP

exports[`CalendarInput Display tests should match snapshot 1`] = `
<div>
  <div
    class="component"
    tabindex="-1"
  >
    <div
      class="component component s block hasRightAddons"
    >
      <div
        class="inner inner"
      >
        <div
          class="inputWrapper"
        >
          <div
            class="input"
          >
            <input
              class="input input"
              type="text"
              value=""
            />
          </div>
        </div>
        <div
          class="addons rightAddons"
        >
          <svg
            class="calendarIcon"
            fill="currentColor"
            focusable="false"
            height="24"
            role="img"
            viewBox="0 0 24 24"
            width="24"
          >
            <path
              d="M9 12v2H7v-2h2zm0 6v-2H7v2h2zm2-6h2v2h-2v-2zm2 4h-2v2h2v-2zm4-4v2h-2v-2h2z"
            />
            <path
              clip-rule="evenodd"
              d="M6 2h2v2h8V2h2v2h3v16a3 3 0 01-3 3H6a3 3 0 01-3-3V4h3V2zm13 7H5v11a1 1 0 001 1h12a1 1 0 001-1V9z"
              fill-rule="evenodd"
            />
          </svg>
        </div>
      </div>
    </div>
  </div>
</div>
`;
